2 Hello░  
3 World█  
4 Hello█  
5 World█  
6 Hello░  
