┌────────────────────────────────────────┐                                                                              
│pharetra montes odio risus praesent     │                                                                              
│semper. Adipiscing porta proin aliquam  │                                                                              
│praesent suscipit velit. Posuere commodo│                                                                              
│pretium viverra, imperdiet diam tortor  │                                                                              
│dis dapibus. Enim mi congue placerat    │                                                                              
│hendrerit ipsum elit cursus. Aliquet    │                                                                              
│luctus erat efficitur pulvinar enim.    │                                                                              
│Diam in hendrerit, pellentesque egestas │                                                                              
│parturient posuere dapibus amet.        │                                                                              
│Ultricies odio vulputate lacus porttitor│                                                                              
│integer fames nascetur lobortis         │                                                                              
│porttitor. Montes justo senectus        │                                                                              
│praesent lacus curae sagittis.          │                                                                              
│                                        │                                                                              
│Himenaeos magna egestas; fringilla      │                                                                              
│fringilla nec sollicitudin augue        │                                                                              
│maecenas? Vestibulum imperdiet blandit  │                                                                              
│rhoncus nibh eu maximus quis rutrum     │                                                                              
│litora? Maecenas ligula nisl aliquet    │                                                                              
│lorem cursus scelerisque eu non         │                                                                              
│lobortis. Lobortis sagittis vivamus     │                                                                              
│facilisi porta velit elementum vehicula │                                                                              
│vulputate. Accumsan augue hac           │                                                                              
│scelerisque auctor taciti inceptos augue│                                                                              
│malesuada parturient. Scelerisque sem   │                                                                              
│nisl massa laoreet; odio potenti quis   │                                                                              
│orci venenatis. Quisque enim finibus    │                                                                              
│ligula maecenas vestibulum class quam   │                                                                              
│         ┌────────────────────┐         │                                                                              
│         │Hello World         │         │                                                                              
└────────────────────────────────────────┘                                                                              
                                                                                                                        
                                                                                                                        
                                                                                                                        
                                                                                                                        
                                                                                                                        
                                                                                                                        
                                                                                                                        
                                                                                                                        
                                                                                                                        
                                                                                                                        
                                                                                                                        
                                                                                                                        
                                                                                                                        
                                                                                                                        
                                                                                                                        
                                                                                                                        
                                                                                                                        
                                                                                                                        
