1 23456789
2 23456789
3 23456789
4 23456789
5 23456789
6 23456789
█████░░░░░
