┌────────────────────────────────────────┐                                                                              
│Lorem ipsum odor amet, consectetuer     │                                                                              
│adipiscing elit. Ipsum himenaeos a      │                                                                              
│aenean id metus. Lacus donec mauris     │                                                                              
│posuere vestibulum leo. Risus convallis │                                                                              
│ornare bibendum arcu fames penatibus    │                                                                              
│rutrum diam. Mi vehicula est lacus      │                                                                              
│facilisis mi porta? Velit elementum     │                                                                              
│feugiat placerat quisque justo ante     │                                                                              
│ullamcorper porttitor arcu. Montes      │                                                                              
│porttitor habitasse habitasse in augue  │                                                                              
│euismod. Maecenas ultrices amet neque   │                                                                              
│natoque, in aliquet integer.            │                                                                              
│                                        │                                                                              
│Ligula habitant etiam ornare habitant   │                                                                              
│venenatis. Commodo fermentum eleifend   │                                                                              
│feugiat class tempus. Viverra elementum │                                                                              
│placerat morbi nec consequat. Metus     │                                                                              
│suspendisse tincidunt mus ornare libero │                                                                              
│sodales tempus mattis ultricies. Ante   │                                                                              
│laoreet porta, scelerisque finibus      │                                                                              
│ultrices auctor. Vulputate leo laoreet  │                                                                              
│ullamcorper sit est. Fusce eget varius  │                                                                              
│primis; nisi maximus ipsum ullamcorper  │                                                                              
│dictum. Porttitor aptent purus quisque  │                                                                              
│porta urna neque cras netus placerat.   │                                                                              
│                                        │                                                                              
│Penatibus pharetra sapien ligula eu     │                                                                              
│efficitur quis sem in morbi. Ac pulvinar│                                                                              
│torquent risus bibendum curae. Ligula   │                                                                              
│bibendum per velit hac sodales nibh;    │                                                                              
└────────────────────────────────────────┘                                                                              
                                                                                                                        
                                                                                                                        
                                                                                                                        
                                                                                                                        
                                                                                                                        
                                                                                                                        
                                                                                                                        
                                                                                                                        
                                                                                                                        
                                                                                                                        
                                                                                                                        
                                                                                                                        
                                                                                                                        
                                                                                                                        
                                                                                                                        
                                                                                                                        
                                                                                                                        
                                                                                                                        
