1 Hello   
2 World   
3 Hello   
4 World   
5 Hello   
