→ VStack<MyView> (0, 0) 5x100
  → ComposedView<MyView>
    → VStack<TupleView<Pack{Text, Spacer, Text}>> (0, 0) 5x100
      → TupleView<Pack{Text, Spacer, Text}>
        → Text:string("Hello") (0, 0) 5x1
        → Spacer (0, 1) 5x98
        → Text:string("World") (0, 99) 5x1
