→ VStack<MyView> (0, 0) 10x3
  → ComposedView<MyView>
    → VStack<TupleView<Pack{Text, Text, Text}>> (0, 0) 10x3
      → TupleView<Pack{Text, Text, Text}>
        → Text:string("1234567890") (0, 0) 10x1
        → Text:string("Hello") (5, 1) 5x1
        → Text:string("World") (5, 2) 5x1
