→ VStack<MyView> (0, 0) 100x100
  → ComposedView<MyView>
    → HStack<TupleView<Pack{VStack<TupleView<Pack{Text, Spacer, Text}>>, Text, Spacer, Text}>> (0, 0) 100x100
      → TupleView<Pack{VStack<TupleView<Pack{Text, Spacer, Text}>>, Text, Spacer, Text}>
        → VStack<TupleView<Pack{Text, Spacer, Text}>> (0, 0) 5x100
          → TupleView<Pack{Text, Spacer, Text}>
            → Text:string("Hello") (0, 0) 5x1
            → Spacer (0, 1) 5x98
            → Text:string("World") (0, 99) 5x1
        → Text:string("Hello") (6, 49) 5x1
        → Spacer (12, 0) 82x100
        → Text:string("World") (95, 49) 5x1
