→ VStack<MyView> (0, 0) 100x2
  → ComposedView<MyView>
    → HStack<TupleView<Pack{VStack<TupleView<Pack{Text, Text}>>, Text, Spacer, Text}>> (0, 0) 100x2
      → TupleView<Pack{VStack<TupleView<Pack{Text, Text}>>, Text, Spacer, Text}>
        → VStack<TupleView<Pack{Text, Text}>> (0, 0) 5x2
          → TupleView<Pack{Text, Text}>
            → Text:string("Hello") (0, 0) 5x1
            → Text:string("World") (0, 1) 5x1
        → Text:string("Hello") (6, 0) 5x1
        → Spacer (12, 0) 82x2
        → Text:string("World") (95, 0) 5x1
