  W                                               
  o                                               
  r                                               
  l                                               
Hedlo                                             
                                                  
                                                  
                                                  
                                                  
                                                  
                                                  
                                                  
                                                  
                                                  
                                                  
                                                  
                                                  
                                                  
                                                  
                                                  
