→ VStack<MyView> (0, 0) 5x2
  → ComposedView<MyView>
    → VStack<TupleView<Pack{Text, Text}>> (0, 0) 5x2
      → TupleView<Pack{Text, Text}>
        → Text:string("Hello") (0, 0) 5x1
        → Text:string("World") (0, 1) 5x1
