HeWlo                                             
  o                                               
  r                                               
  l                                               
  d                                               
                                                  
                                                  
                                                  
                                                  
                                                  
                                                  
                                                  
                                                  
                                                  
                                                  
                                                  
                                                  
                                                  
                                                  
                                                  
